# CVS $Revision$ $Author$ -- Thu Feb 22 13:04:59 2007 -- reformated by prettylst.pl v1.36 (build 2045)
#SOURCELONG:My Campaign	SOURCESHORT:My	SOURCEWEB:http://www.mywebsite.com

#insert your data here

#Every line that starts with a '#' is a comment. You may want to remove these comments, if you use this file to set up
#your own data. Remember not to put the '#' at the start of your own data, as PCGen would see it as a comment only.
#
#When Running PCGen, you can select "Help > Documentation > List Files > List File Tag Index > Feat File tags" to find
#out how the tags in the feats file work. Some of the tags used here are global tags. You will see an alphabetical
#listing of all PCGen tags to the left of the documentation window. You can find the global tags there as well.
#

#
# Ability Categories
#Example of a SuperSet or Parent
#ABILITYCATEGORY:Special Ability	CATEGORY:Special Ability	EDITABLE:YES	EDITPOOL:NO	FRACTIONALPOOL:NO	VISIBLE:NO
#ABILITYCATEGORY:AbilitybySkill	CATEGORY:AbilitybySkill		EDITABLE:YES	EDITPOOL:NO	FRACTIONALPOOL:NO	POOL:AbilitybySkillPool		VISIBLE:QUALIFY	PLURAL:AbilitybySkills
# No TYPE and Matching ABILITYCATEGORY and CATEGORY names designates these as SUPERSET/PARENT.



#Examples of a Subset or Child
#ABILITYCATEGORY:My Class Ability	CATEGORY:Special Ability	EDITABLE:YES	EDITPOOL:NO	FRACTIONALPOOL:NO	VISIBLE:QUALIFY	TYPE:MyClass	DISPLAYLOCATION:Class Abilities	PLURAL:My Class Abilities

# VISIBLE TAG will take YES, NO or QUALIFY - QUALIFY won't display the Category unless it has one valid selection or the number is 1 or higher in the pool.
# New tag - DISPLAYLOCATION:<user defined> will allow you to group ABILITIES together in the same "tab"
# New tag - DISPLAYNAME:<user defined> serves the same function as OUTPUTNAME is showing what is displayed
# Using TYPE will populate the category with any ABILITY with a matching type. Example:
# ABILITYCATEGORY:Fighter Feats	CATEGORY:FEAT	TYPE:Fighter
# That will make all the Feats with TYPE:Fighter appear
# The POOL tag allows you to set a variable that will be added to the pool, this must be a valid variable DEFINEd or hardcoded elsewhere

# DONE
#
ABILITYCATEGORY:Avenger Class Feature		VISIBLE:QUALIFY	EDITABLE:NO		EDITPOOL:NO						CATEGORY:Special Ability	TYPE:Avenger Class Feature												PLURAL:Avenger Class Features		DISPLAYLOCATION:Class Features
ABILITYCATEGORY:War Hulk Class Feature		VISIBLE:QUALIFY	EDITABLE:NO		EDITPOOL:NO						CATEGORY:Special Ability	TYPE:War Hulk Class Feature												PLURAL:War Hulk Class Features		DISPLAYLOCATION:Class Features
ABILITYCATEGORY:Obah-Blessed Feature		VISIBLE:QUALIFY	EDITABLE:NO		EDITPOOL:NO						CATEGORY:Special Ability	TYPE:Obah-Blessed												PLURAL:Obah-Blessed Features		DISPLAYLOCATION:Race Traits
ABILITYCATEGORY:Kobold Subrace		VISIBLE:QUALIFY	EDITABLE:YES		EDITPOOL:YES						CATEGORY:Special Ability	TYPE:Kobold Subrace												PLURAL:Kobold Subrace		DISPLAYLOCATION:Race Traits

#ABILITYCATEGORY:Scout Bonus Feat.MOD	CATEGORY:FEAT		ABILITYLIST:Improved Skirmish

ABILITYCATEGORY:Battle Dancer Class Feature		VISIBLE:QUALIFY	EDITABLE:YES	EDITPOOL:NO		CATEGORY:Special Ability	TYPE:Battle Dancer Class Feature		PLURAL:Battle Dancer Class Features		DISPLAYLOCATION:Class Features





ABILITYCATEGORY:Battle Dancer Stike Choice		VISIBLE:QUALIFY	EDITABLE:YES	EDITPOOL:NO		CATEGORY:Special Ability	TYPE:Battle Dancer Class Strike Choice		PLURAL:Battle Dancer Stike Choices		DISPLAYLOCATION:Class Features
ABILITYCATEGORY:Battle Dancer Class Selection	VISIBLE:QUALIFY	EDITABLE:YES	EDITPOOL:NO						CATEGORY:Internal	TYPE:Battle Dancer Class Selection	PLURAL:Battle Dancer Class Selection		DISPLAYLOCATION:Class Features



ABILITYCATEGORY:Evolved Undead Spell-like Ability		VISIBLE:QUALIFY	EDITABLE:YES		EDITPOOL:YES						CATEGORY:Special Ability	TYPE:Evolved Undead Spell-like Ability												PLURAL:Evolved Undead Spell-like Ability		DISPLAYLOCATION:Race Traits



ABILITYCATEGORY:Evolved Deathless Spell-like Ability		VISIBLE:QUALIFY	EDITABLE:YES		EDITPOOL:YES						CATEGORY:Special Ability	TYPE:Evolved Deathless Spell-like Ability												PLURAL:Evolved Deathless Spell-like Ability		DISPLAYLOCATION:Race Traits


ABILITYCATEGORY:Natural Fighting		VISIBLE:QUALIFY	EDITABLE:YES		EDITPOOL:YES						CATEGORY:FEAT	TYPE:Natural Fighting												PLURAL:Natural Fighting		DISPLAYLOCATION:Class Features


ABILITYCATEGORY:Unseelie Fey Wings		VISIBLE:QUALIFY	EDITABLE:YES		EDITPOOL:YES						CATEGORY:Special Ability	TYPE:Unseelie Fey Wings												PLURAL:Unseelie Fey Wings		DISPLAYLOCATION:Race Traits

ABILITYCATEGORY:Unseelie Fey Seasonal Power		VISIBLE:QUALIFY	EDITABLE:YES		EDITPOOL:YES						CATEGORY:Special Ability	TYPE:Unseelie Fey Seasonal Power												PLURAL:Unseelie Fey Seasonal Power		DISPLAYLOCATION:Race Traits

ABILITYCATEGORY:Unseelie Fey Vision		VISIBLE:QUALIFY	EDITABLE:YES		EDITPOOL:YES						CATEGORY:Special Ability	TYPE:Unseelie Fey Vision												PLURAL:Unseelie Fey Vision		DISPLAYLOCATION:Race Traits


ABILITYCATEGORY:Arcane Cleric Spell		VISIBLE:YES	EDITABLE:YES	EDITPOOL:YES		CATEGORY:Special Ability		TYPE:ArcaneClericSpell		PLURAL:Arcane Cleric Spells		DISPLAYLOCATION:Class Features	

ABILITYCATEGORY:Primordial Giant Spell		VISIBLE:QUALIFY	EDITABLE:YES		EDITPOOL:YES						CATEGORY:Special Ability	TYPE:Primordial Giant Spell												PLURAL:Primordial Giant Spells		DISPLAYLOCATION:Race Traits


ABILITYCATEGORY:Minor Bloodline Power		VISIBLE:QUALIFY	EDITABLE:YES		EDITPOOL:YES						CATEGORY:Special Ability	TYPE:Minor Bloodline Power											PLURAL:Minor Bloodline Powers		DISPLAYLOCATION:Race Traits
ABILITYCATEGORY:Major Bloodline Power		VISIBLE:QUALIFY	EDITABLE:YES		EDITPOOL:YES						CATEGORY:Special Ability	TYPE:Major Bloodline Power											PLURAL:Major Bloodline Powers		DISPLAYLOCATION:Race Traits
ABILITYCATEGORY:Greater Bloodline Power		VISIBLE:QUALIFY	EDITABLE:YES		EDITPOOL:YES						CATEGORY:Special Ability	TYPE:Greater Bloodline Power											PLURAL:Greater Bloodline Powers		DISPLAYLOCATION:Race Traits
ABILITYCATEGORY:Bloodline Ability Score		VISIBLE:QUALIFY	EDITABLE:YES		EDITPOOL:YES						CATEGORY:Special Ability	TYPE:Bloodline Ability Score											PLURAL:Bloodline Ability Scores		DISPLAYLOCATION:Race Traits




ABILITYCATEGORY:Morphic Weapon Enhancement		VISIBLE:QUALIFY	EDITABLE:YES	EDITPOOL:YES		CATEGORY:Special Ability	TYPE:Morphic Weapon Enhancement		PLURAL:Morphich Weapon Enhancements		DISPLAYLOCATION:Class Features





ABILITYCATEGORY:Total Number Of Hands		VISIBLE:QUALIFY	EDITABLE:YES		EDITPOOL:NO						CATEGORY:Special Ability	TYPE:Total Number Of Hands												PLURAL:Total Number Of Handss		DISPLAYLOCATION:Race Traits


ABILITYCATEGORY:Bard Bonus Feats		VISIBLE:QUALIFY	EDITABLE:YES	EDITPOOL:NO		CATEGORY:FEAT	TYPE:Bardic Trade		PLURAL:Bard Bonus Feats		DISPLAYLOCATION:Feats


ABILITYCATEGORY:Planar Touchstones		VISIBLE:QUALIFY	EDITABLE:YES	EDITPOOL:NO		CATEGORY:Special Ability	TYPE:PlanarTouchstone		PLURAL:Planar Touchstones		DISPLAYLOCATION:Feats


ABILITYCATEGORY:Catalogues Of Enlightenemnt		VISIBLE:QUALIFY	EDITABLE:YES	EDITPOOL:NO		CATEGORY:Special Ability	TYPE:CataloguesOfEnlightenment		PLURAL:Catalogues Of Enlightenemnt		DISPLAYLOCATION:Feats



ABILITYCATEGORY:Greater Planar Touchstones		VISIBLE:QUALIFY	EDITABLE:YES	EDITPOOL:NO		CATEGORY:Special Ability	TYPE:GreaterPlanarTouchstone		PLURAL:Greater Planar Touchstones		DISPLAYLOCATION:Feats



ABILITYCATEGORY:Iaijutsu Master Bonus Feats		VISIBLE:QUALIFY	EDITABLE:YES	EDITPOOL:YES		CATEGORY:FEAT	TYPE:IajutsuMasterBonusFeat		PLURAL:Iaijutsu Master Bonus Feats		DISPLAYLOCATION:Feats


ABILITYCATEGORY:Iaijutsu Master Class Features		VISIBLE:QUALIFY	EDITABLE:NO	EDITPOOL:NO		CATEGORY:FEAT	TYPE:IajutsuMasterClassFeature		PLURAL:Iaijutsu Class Features		DISPLAYLOCATION:Class Features




ABILITYCATEGORY:Wild Shape Amulet		VISIBLE:QUALIFY	EDITABLE:YES	EDITPOOL:NO		CATEGORY:Special Ability	TYPE:WildShapeAmulet		PLURAL:Wild Shape Amulet		DISPLAYLOCATION:Class Features


ABILITYCATEGORY:Skin of Kaletor		VISIBLE:QUALIFY	EDITABLE:YES	EDITPOOL:NO		CATEGORY:Special Ability	TYPE:KaletorSkin		PLURAL:Skin of Kaletor		DISPLAYLOCATION:Class Features



ABILITYCATEGORY:Planar Attunement		VISIBLE:QUALIFY	EDITABLE:YES	EDITPOOL:NO		CATEGORY:Special Ability	TYPE:PlanarAttunement		PLURAL:Planar Attunement		DISPLAYLOCATION:Class Features



ABILITYCATEGORY:Hengeyokai Alternate Form		VISIBLE:QUALIFY	EDITABLE:YES	EDITPOOL:NO		CATEGORY:Special Ability	TYPE:HengeyokaiAlternateForm		PLURAL:Hengeyokai Alternate Form		DISPLAYLOCATION:Race Traits


ABILITYCATEGORY:Divine Minion Fast Wild Shape		VISIBLE:QUALIFY	EDITABLE:YES	EDITPOOL:NO		CATEGORY:Special Ability	TYPE:DivineMinionFastWildShape		PLURAL:Divine Minion Fast Wild Shape		DISPLAYLOCATION:Race Traits


ABILITYCATEGORY:Divine Minion Fast Wild Shape Choice		VISIBLE:QUALIFY	EDITABLE:YES	EDITPOOL:YES		CATEGORY:Special Ability	TYPE:DivineMinionFastWildShapeChoice		PLURAL:Divine Minion Fast Wild Shape Choices		DISPLAYLOCATION:Race Traits



ABILITYCATEGORY:Magical Training		VISIBLE:QUALIFY	EDITABLE:YES	EDITPOOL:NO		CATEGORY:Special Ability	TYPE:MagicalTraining		PLURAL:Magical Training		DISPLAYLOCATION:Feats



ABILITYCATEGORY:Manifestation State		VISIBLE:QUALIFY		EDITABLE:YES	EDITPOOL:YES		CATEGORY:Special Ability	TYPE:ManifestationState		PLURAL:Manifestation State		DISPLAYLOCATION:Race Traits



ABILITYCATEGORY:Mighty Wallop Effect		VISIBLE:QUALIFY	EDITABLE:YES	EDITPOOL:YES		CATEGORY:Special Ability	TYPE:MightyWallopEffect		PLURAL:Mighty Wallop Effects		DISPLAYLOCATION:Class Features


ABILITYCATEGORY:Shadow Sun Ninja Maneuvers		VISIBLE:QUALIFY	EDITABLE:YES	EDITPOOL:YES		CATEGORY:Special Ability	TYPE:Shadow Hand Maneuver.Setting Sun Maneuver		PLURAL:Shadow Sun Ninja Maneuvers		DISPLAYLOCATION:Class Features		


ABILITYCATEGORY:Shadow Sun Ninja Stances		VISIBLE:QUALIFY	EDITABLE:YES	EDITPOOL:YES		CATEGORY:Special Ability	TYPE:Shadow Hand Stance.Setting Sun Stance		PLURAL:Shadow Sun Ninja Stances		DISPLAYLOCATION:Class Features		




ABILITYCATEGORY:Extended Reach		VISIBLE:QUALIFY	EDITABLE:YES	EDITPOOL:YES		CATEGORY:Special Ability	TYPE:ExtendedReach		PLURAL:Extended Reach		DISPLAYLOCATION:Feats




ABILITYCATEGORY:Custom Lycanthrope Choice		VISIBLE:QUALIFY	EDITABLE:YES	EDITPOOL:YES		CATEGORY:Special Ability	TYPE:CustomLycanthrope		PLURAL:Custom Lycanthrope Choice		DISPLAYLOCATION:Race Traits






ABILITYCATEGORY:Living Ballista Class Features		VISIBLE:QUALIFY	EDITABLE:NO	EDITPOOL:NO		CATEGORY:Special Ability	TYPE:LivingBallistaClassFeature		PLURAL:Living Ballista Class Features		DISPLAYLOCATION:Class Features





ABILITYCATEGORY:Ironmonger Class Features		VISIBLE:QUALIFY	EDITABLE:NO	EDITPOOL:NO		CATEGORY:Special Ability	TYPE:IronmongerClassFeature		PLURAL:Ironmonger Class Features		DISPLAYLOCATION:Class Features




ABILITYCATEGORY:Ironmonger Transformation		VISIBLE:QUALIFY	EDITABLE:YES	EDITPOOL:YES		CATEGORY:Special Ability	TYPE:IronmongerTransformation		PLURAL:Ironmonger Transformations		DISPLAYLOCATION:Class Features		
