# CVS $Revision$ $Author$ -- Fri Oct 19 20:16:09 2012 -- reformated by prettylst.pl v1.39 (build 15052)
SOURCELONG:My Campaign	SOURCESHORT:My	SOURCEWEB:http://www.mywebsite.com	SOURCEDATE:2008-01



CLASS:Lasher	TYPE:PC.Prestige	FACT:ClassType|Prestige		FACT:Abb|Lsh	SOURCEPAGE:Sword and Fist		PREATT:5	PRESKILL:1,Use Rope=2,Craft (Leatherworking)=2		HD:10		STARTSKILLPTS:2				DEFINE:LasherLVL|0	BONUS:COMBAT|BASEAB|classlevel("APPLIEDAS=NONEPIC")|TYPE=Base.REPLACE|PREVAREQ:UseAlternateBABProgression,0	BONUS:VAR|ClassBABFull|classlevel("APPLIEDAS=NONEPIC")|PREVAREQ:UseFractionalBAB,1	BONUS:VAR|LasherLVL|CL	BONUS:SAVE|BASE.Reflex|classlevel("APPLIEDAS=NONEPIC")/2+2	BONUS:SAVE|BASE.Fortitude,BASE.Will|classlevel("APPLIEDAS=NONEPIC")/3
CLASS:Lasher	PREABILITY:1,CATEGORY=FEAT,Weapon Focus (Whip)	PREWEAPONPROF:1,Whip		PRETEXT:Must own a whip or whip-dagger			
CLASS:Lasher		CSKILL:Balance|TYPE.Craft|Escape Artist|Intimidate|Jump|Spot|Use Rope
1		ABILITY:Special Ability|AUTOMATIC|Lasher ~ Whip Sneak Attack|Lasher ~ Close Combat|Lasher ~ Wound|Lasher ~ Whip Lash
2		ABILITY:Special Ability|AUTOMATIC|Lasher ~ Improved Trip|Lasher ~ Third Hand
3		ABILITY:Special Ability|AUTOMATIC|Lasher ~ Crack of Fate
4		ABILITY:Special Ability|AUTOMATIC|Lasher ~ Lashing Whip
5		BONUS:VAR|WhipSneakDice|1
6		ABILITY:Special Ability|AUTOMATIC|Lasher ~ Improved Disarm
7		ABILITY:Special Ability|AUTOMATIC|Lasher ~ Stunning Snap
8		ABILITY:Special Ability|AUTOMATIC|Lasher ~ Crack of Doom
9		BONUS:VAR|WhipSneakDice|1
10		ABILITY:Special Ability|AUTOMATIC|Lasher ~ Death Spiral




# Class Name	Spell Stat		Spell Type		Memorize	Caster level
CLASS:Sovereign Speaker	HD:8		TYPE:PC.Prestige	FACT:ClassType|Prestige	FACT:Abb|SvSpk		SOURCEPAGE:Faiths of Eberron	DEFINE:Sovereign SpeakerLVL|0	BONUS:COMBAT|BASEAB|classlevel("APPLIEDAS=NONEPIC")*3/4|TYPE=Base.REPLACE|PREVAREQ:UseAlternateBABProgression,0	BONUS:VAR|ClassBABModerate|classlevel("APPLIEDAS=NONEPIC")|PREVAREQ:UseFractionalBAB,1	BONUS:VAR|Sovereign SpeakerLVL|CL	BONUS:SAVE|BASE.Will|classlevel("APPLIEDAS=NONEPIC")/2+2	BONUS:SAVE|BASE.Fortitude,BASE.Reflex|classlevel("APPLIEDAS=NONEPIC")/3
# Class Name	Required AL		Required Skill
CLASS:Sovereign Speaker	PRESKILL:1,Knowledge (Religion)=8	PRETEXT:Worshiper of the Divine Host (no singular deity)		PREABILITY:1,CATEGORY=FEAT,Worldly Focus
# Class Name	Skill Pts/Lvl	Class Skill
CLASS:Sovereign Speaker	STARTSKILLPTS:2	CSKILL:Concentration|TYPE.Craft|Diplomacy|Heal|Knowledge (Arcana)|Knowledge (History)|Knowledge (Religion)|Knowledge (The Planes)|TYPE.Profession|Spellcraft			AUTO:WEAPONPROF|Battleaxe|Halberd|Mace (Heavy)|Longsword|Morningstar|Quarterstaff|Sickle|Spear|Warhammer
# Class Name	Spell Stat		Spell Type		Memorize	Caster level
CLASS:Sovereign Speaker	FACT:SpellType|Divine	
CLASS:Sovereign Speaker					
1	ABILITY:Special Ability|AUTOMATIC|Sovereign Speaker ~ Bonus Domain
2	ABILITY:Special Ability|AUTOMATIC|Sovereign Speaker ~ Bonus Domain		
3	ABILITY:Special Ability|AUTOMATIC|Sovereign Speaker ~ Bonus Domain		ADD:SPELLCASTER|Divine
4	ABILITY:Special Ability|AUTOMATIC|Sovereign Speaker ~ Bonus Domain		ADD:SPELLCASTER|Divine
5	ABILITY:Special Ability|AUTOMATIC|Sovereign Speaker ~ Bonus Domain		ADD:SPELLCASTER|Divine
6	ABILITY:Special Ability|AUTOMATIC|Sovereign Speaker ~ Bonus Domain		
7	ABILITY:Special Ability|AUTOMATIC|Sovereign Speaker ~ Bonus Domain		ADD:SPELLCASTER|Divine
8	ABILITY:Special Ability|AUTOMATIC|Sovereign Speaker ~ Bonus Domain		ADD:SPELLCASTER|Divine
9	ABILITY:Special Ability|AUTOMATIC|Sovereign Speaker ~ Bonus Domain		ADD:SPELLCASTER|Divine
10:REPEATLEVEL:1	PREPCLEVEL:MIN=20		ABILITY:Special Ability|AUTOMATIC|Sovereign Speaker ~ Bonus Domain		ADD:SPELLCASTER|Divine









#insert your data here

#Every line that starts with a '#' is a comment. You may want to remove these comments, if you use this file to set up
#your own data. Remember not to put the '#' at the start of your own data, as PCGen would see it as a comment only.
#
#When Running PCGen, you can select "Help > Documentation > List Files > List File Tag Index > Class File tags" to find
#out how the tags in the classes file work. Some of the tags used here are global tags. You will see an alphabetical
#listing of all PCGen tags to the left of the documentation window. You can find the global tags there as well.
#
#
#
#
#####Example

# Class Name	Hit Dice	Type			Abbreviation	Max Level	Source Page				Save checks bonus												Combat bonus
#CLASS:Rogue		HD:6		TYPE:Base.PC	ABB:Rog		MAXLEVEL:20	SOURCEPAGE:ClassesII	BONUS:SAVE|BASE.Reflex|classlevel("APPLIEDAS=NONEPIC")/2+2	BONUS:SAVE|BASE.Fortitude,BASE.Will|classlevel("APPLIEDAS=NONEPIC")/3	BONUS:COMBAT|BASEAB|classlevel("APPLIEDAS=NONEPIC")*3/4|TYPE=Base.REPLACE|PREVAREQ:UseFractionalBAB,0		BONUS:VAR|ClassBABModerate|classlevel("APPLIEDAS=NONEPIC")|PREVAREQ:UseFractionalBAB,1
# Class Name	Skill Pts/Lvl	Class Skill
#CLASS:Rogue		STARTSKILLPTS:8	CSKILL:Appraise|Balance|Bluff|Climb|TYPE.Craft|Decipher Script|Diplomacy|Disable Device|Disguise|Escape Artist|Forgery|Gather Information|Hide|Intimidate|Jump|Knowledge (Local)|Listen|Move Silently|Open Lock|TYPE.Perform|TYPE.Profession|Search|Sense Motive|Sleight of Hand|Spot|Swim|Tumble|Use Magic Device|Use Rope
###Block:Proficiencies
#1	ABILITY:Special Ability|AUTOMATIC|Rogue Weapon Proficiencies|All Automatic Proficiencies	ABILITY:FEAT|AUTOMATIC|Simple Weapon Proficiency
#1																ABILITY:FEAT|AUTOMATIC|Armor Proficiency (Light)
###Block: Level progression
#1											BONUS:VAR|RogueSneakAttackLVL|CL												ABILITY:Special Ability|AUTOMATIC|Trapfinding|Sneak Attack|Rogue Sneak Attack
#2																												ABILITY:Special Ability|AUTOMATIC|Evasion
#3											BONUS:VAR|RogueTrapSenseLVL|CL												ABILITY:Special Ability|AUTOMATIC|Trap Sense Ability|Rogue Trap Sense
#4											BONUS:VAR|UncannyDodgeFlankingLevel|CL|TYPE=EachClass.REPLACE	BONUS:VAR|UncannyDodgeLevel|CL/4	ABILITY:Special Ability|AUTOMATIC|Uncanny Dodge ~ Base
#10	BONUS:ABILITYPOOL|Rogue Special Ability|min(4,(CL-7)/3)

#####
#Class files are where each class is listed, given it's important information for the correct output and functioning of the
#class. Each class has 2 components to it: The main class line and the class level line. The class line begins with CLASS
#and the class level line begins with a level # (0, 1, 2, etc).
#
#The CLASS tag tells PCGen the class name and sets up the relationships with skills and spells. This line can be entered
#multiple times in a single class entry (appearing on separate lines) for purposes of making the lines easier to read in an
#editor (so as to not have to scroll forever to reach the end of the class line). THIS MUST BE THE FIRST TAG!!!
#
#The HD tag sets the Hit Die used to determine hit points at each level gained.
#
#The TYPE tag is used within the filters of PCGen to sort the classes by their respective types (makes it easier to find a
#specific class).
#
#The ABB tag can be used to hold a 3-5 letter abbreviation of the class name.
#
#The MAXLEVEL tag sets the maximum number of levels of the class you can add to a character. You can use MAXLEVEL:NOLIMIT in addition to a number.
#
#The SOURCEPAGE tag can be used to hold a reference to where you can find the class. This will be displayed in PCGen. Example: SOURCEPAGE:p.5
#
#The AUTO:LANG tag is holding a list of languages that the character automatically gains.
#
#The BONUS tags are a group of similar tags, that grant some form of Bonus to another already existing tag. To read a description
#of them, look in the List File Tag Index under the topic "Bonus tags".
#
#The STARTSKILLPTS tag determines how many skill points a character gains per level.
#
#The CSKILL tag grants the listed skills as class skills. When used in a classes.lst, it grants the class skills only to the
#class it is actually in.
#
#The AUTO:FEAT tag holds a list of feats that the class automatically gets.
#
#The ABILITY tag will grant the listed abilities to the character (This ties to the ABILITY FILE)
#
#The SAB tag is holding a text that will be displayed as Special Ability on the output sheet. (We use ABILITY these days)
#
#The ADD:FEAT tag will give the character a choice of one from the feats listed in the parentheses. If the feat being added
#has a chooser ADD:FEAT is the only tag which will activate it (VFEAT, MFEAT and FEATAUTO will not). Besides of ADD:FEAT, there
#is a multitude of ADD tags in PCGen. You can look them up in the List File Tag Index under the topic "ADD Tags".
CLASS:Aberration.COPY=DriderTemplate
CLASS:DriderTemplate.MOD	OUTPUTNAME:Aberration	CSKILL:Climb|Concentration|Hide|Listen|Move Silently|Spellcraft|Spot			







# Class Name	Hit Dice	Type			Class Type			Abbreviation	Source Page		Define			Combat bonus															Modify VAR																			Bonus
CLASS:Avenger	HD:6		TYPE:PC.Prestige	FACT:ClassType|Prestige	FACT:Abb|Asn		SOURCEPAGE:p.180	DEFINE:AvengerLVL|0	BONUS:COMBAT|BASEAB|classlevel("APPLIEDAS=NONEPIC")*3/4|TYPE=Base.REPLACE|PREVAREQ:UseAlternateBABProgression,0	BONUS:VAR|ClassBABModerate|classlevel("APPLIEDAS=NONEPIC")|PREVAREQ:UseFractionalBAB,1	BONUS:VAR|AvengerLVL|CL	BONUS:SAVE|BASE.Reflex|classlevel("APPLIEDAS=NONEPIC")/2+2	BONUS:SAVE|BASE.Fortitude,BASE.Will|classlevel("APPLIEDAS=NONEPIC")/3
# Class Name	Required AL		Required Skill
CLASS:Avenger	PREALIGN:LG,NG,CG	PRESKILL:3,Disguise=4,Hide=8,Move Silently=8
# Class Name	Skill Pts/Lvl	Class Skill
CLASS:Avenger	STARTSKILLPTS:4	CSKILL:Balance|Bluff|Climb|TYPE=Craft|Decipher Script|Diplomacy|Disable Device|Disguise|Escape Artist|Forgery|Gather Information|Hide|Intimidate|Jump|Listen|Move Silently|Open Lock|Search|Sense Motive|Sleight of Hand|Spot|Swim|Tumble|Use Magic Device|Use Rope
# Class Name	Spell Stat		Spell Type		Memorize	Caster level
CLASS:Avenger	FACT:SpellType|Arcane	SPELLLIST:2|Assassin|Avenger		SERVESAS:CLASS|Assassin
CLASS:Avenger	SPELLSTAT:INT	MEMORIZE:NO	BONUS:CASTERLEVEL|Avenger|Caster_Level_Avenger	DEFINE:Caster_Level_Avenger|0	BONUS:VAR|Caster_Level_Avenger|CL+Caster_Level_Bonus	DEFINE:CasterLevelBLAvenger|0	BONUS:VAR|CasterLevelBLAvenger|charbonusto("PCLEVEL","Avenger")	BONUS:VAR|Caster_Level_Highest__Arcane|Caster_Level_Avenger+CasterLevelBLAvenger|TYPE=Base
###Block:
1	ABILITY:Avenger Class Feature|AUTOMATIC|Avenger ~ Weapon and Armor Proficiency
1	ABILITY:Avenger Class Feature|AUTOMATIC|Avenger ~ Death Attack
1	ABILITY:Avenger Class Feature|AUTOMATIC|Avenger ~ Poison Use
1	ABILITY:Avenger Class Feature|AUTOMATIC|Avenger ~ Sneak Attack
1	ABILITY:Avenger Class Feature|AUTOMATIC|Avenger ~ Spells
2	ABILITY:Avenger Class Feature|AUTOMATIC|Avenger ~ Uncanny Dodge
2	ABILITY:Avenger Class Feature|AUTOMATIC|Avenger ~ Save Bonus against Poison
5	ABILITY:Avenger Class Feature|AUTOMATIC|Avenger ~ Improved Uncanny Dodge
8	ABILITY:Avenger Class Feature|AUTOMATIC|Avenger ~ Hide in Plain Sight
###Block:
1	CAST:0,0		KNOWN:0,2
2	CAST:0,1		KNOWN:0,3
3	CAST:0,2,0		KNOWN:0,3,2
4	CAST:0,3,1		KNOWN:0,4,3
5	CAST:0,3,2,0	KNOWN:0,4,3,2
6	CAST:0,3,3,1	KNOWN:0,4,4,3
7	CAST:0,3,3,2,0	KNOWN:0,4,4,3,2
8	CAST:0,3,3,3,1	KNOWN:0,4,4,4,3
9	CAST:0,3,3,3,2	KNOWN:0,4,4,4,3
10	CAST:0,3,3,3,3	KNOWN:0,4,4,4,4
###Block:
11	PREPCLEVEL:MIN=20

CLASS:War Hulk		HD:12	TYPE:PC.Prestige	FACT:ClassType|Prestige	FACT:Abb|WrHlk	SOURCEPAGE:Miniature's Handbook		DEFINE:WarHulkLevel|0	BONUS:VAR|WarHulkLevel|CL	
CLASS:War Hulk	BONUS:SAVE|BASE.Fortitude|classlevel("APPLIEDAS=NONEPIC")/2+2	BONUS:SAVE|BASE.Reflex,BASE.Will|classlevel("APPLIEDAS=NONEPIC")/3
CLASS:War Hulk	STARTSKILLPTS:2	CSKILL:Climb|Intimidate|Jump
CLASS:War Hulk	PREATT:5	PRESIZEGTEQ:L	PREABILITY:1,CATEGORY=Feat,Cleave		
1	ABILITY:War Hulk Class Feature|AUTOMATIC|War Hulk ~ Ability Boost		ABILITY:War Hulk Class Feature|AUTOMATIC|War Hulk ~ No Time To Think
2	ABILITY:War Hulk Class Feature|AUTOMATIC|War Hulk ~ Great Swing
3	ABILITY:War Hulk Class Feature|AUTOMATIC|War Hulk ~ Mighty Rock Throwing
4	ABILITY:War Hulk Class Feature|AUTOMATIC|War Hulk ~ Mighty Swing
6	ABILITY:War Hulk Class Feature|AUTOMATIC|War Hulk ~ Sweeping Boulder
8	ABILITY:War Hulk Class Feature|AUTOMATIC|War Hulk ~ Massive Sweeping Boulder	ABILITY:War Hulk Class Feature|AUTOMATIC|War Hulk ~ Tougness
9	ABILITY:War Hulk Class Feature|AUTOMATIC|War Hulk ~ Tougness
10	ABILITY:War Hulk Class Feature|AUTOMATIC|War Hulk ~ Massive Swing
11	PREPCLEVEL:MIN=20

#Fractional BAB Fixes

CLASS:Beguiler.MOD	BONUS:VAR|ClassBABPoor|classlevel("APPLIEDAS=NONEPIC")|PREVAREQ:UseFractionalBAB,1


#Fix Fractional BAB, Fix spell progression - text trumps table, text says spells every level
CLASS:Rainbow Servant.MOD	BONUS:VAR|ClassBABPoor|classlevel("APPLIEDAS=NONEPIC")|PREVAREQ:UseFractionalBAB,1		BONUS:VAR|TurnLevelAir|CL	BONUS:VAR|TurnLevelFire|CL	BONUS:VAR|TurnLevelEarth|CL		BONUS:VAR|TurnLevelWater|CL		BONUS:VAR|TurnLevelScalykind|CL		BONUS:VAR|TurnTimesAir|CL	BONUS:VAR|TurnTimesFire|CL	BONUS:VAR|TurnTimesEarth|CL		BONUS:VAR|TurnTimesWater|CL		BONUS:VAR|TurnTimesScalykind|CL	
1	ADD:SPELLCASTER|Arcane			
#1	SPELLKNOWN:CLASS|SPELLCASTER.Arcane=1|Protection from Evil|PREDOMAIN:1,Good|PRESPELLTYPE:1,ARCANE=1			BONUS:SPELLKNOWN|TYPE=Arcane;LEVEL=1|1|PRESPELLTYPE:1,ARCANE=1
#1	SPELLKNOWN:CLASS|SPELLCASTER.Arcane=2|Aid|PREDOMAIN:1,Good|PRESPELLTYPE:1,ARCANE=3	BONUS:SPELLKNOWN|TYPE=Arcane;LEVEL=2|1|PRESPELLTYPE:1,ARCANE=2
#1	SPELLKNOWN:CLASS|SPELLCASTER.Arcane=3|Magic Circle against Evil|PREDOMAIN:1,Good|PRESPELLTYPE:1,ARCANE=3	BONUS:SPELLKNOWN|TYPE=Arcane;LEVEL=3|1|PRESPELLTYPE:1,ARCANE=3
#1	SPELLKNOWN:CLASS|SPELLCASTER.Arcane=4|Holy Smite|PREDOMAIN:1,Good|PRESPELLTYPE:1,ARCANE=4	BONUS:SPELLKNOWN|TYPE=Arcane;LEVEL=4|1|PRESPELLTYPE:1,ARCANE=4
#1	SPELLKNOWN:CLASS|SPELLCASTER.Arcane=5|Dispel Evil|PREDOMAIN:1,Good|PRESPELLTYPE:1,ARCANE=5	BONUS:SPELLKNOWN|TYPE=Arcane;LEVEL=5|1|PRESPELLTYPE:1,ARCANE=5
#1	SPELLKNOWN:CLASS|SPELLCASTER.Arcane=6|Blade Barrier|PREDOMAIN:1,Good|PRESPELLTYPE:1,ARCANE=6	BONUS:SPELLKNOWN|TYPE=Arcane;LEVEL=6|1|PRESPELLTYPE:1,ARCANE=6
#1	SPELLKNOWN:CLASS|SPELLCASTER.Arcane=7|Holy Word|PREDOMAIN:1,Good|PRESPELLTYPE:1,ARCANE=7	BONUS:SPELLKNOWN|TYPE=Arcane;LEVEL=7|1|PRESPELLTYPE:1,ARCANE=7
#1	SPELLKNOWN:CLASS|SPELLCASTER.Arcane=8|Holy Aura|PREDOMAIN:1,Good|PRESPELLTYPE:1,ARCANE=8	BONUS:SPELLKNOWN|TYPE=Arcane;LEVEL=8|1|PRESPELLTYPE:1,ARCANE=8
#1	SPELLKNOWN:CLASS|SPELLCASTER.Arcane=9|Summon Monster IX|PREDOMAIN:1,Good|PRESPELLTYPE:1,ARCANE=9	BONUS:SPELLKNOWN|TYPE=Arcane;LEVEL=9|1|PRESPELLTYPE:1,ARCANE=8
#
4	ADD:SPELLCASTER|Arcane		ABILITY:Special Ability|AUTOMATIC|Rainbow Servant ~ Grow Wings
#4	SPELLKNOWN:CLASS|SPELLCASTER.Arcane=1|Obscuring Mist|PREDOMAIN:1,Air|PRESPELLTYPE:1,ARCANE=1			BONUS:SPELLKNOWN|TYPE=Arcane;LEVEL=1|1|PRESPELLTYPE:1,ARCANE=1
#4	SPELLKNOWN:CLASS|SPELLCASTER.Arcane=2|Wind Wall|PREDOMAIN:1,Air|PRESPELLTYPE:1,ARCANE=2	BONUS:SPELLKNOWN|TYPE=Arcane;LEVEL=2|1|PRESPELLTYPE:1,ARCANE=2
#4	SPELLKNOWN:CLASS|SPELLCASTER.Arcane=3|Gaseous Form|PREDOMAIN:1,Air|PRESPELLTYPE:1,ARCANE=3	BONUS:SPELLKNOWN|TYPE=Arcane;LEVEL=3|1|PRESPELLTYPE:1,ARCANE=3
#4	SPELLKNOWN:CLASS|SPELLCASTER.Arcane=4|Air Walk|PREDOMAIN:1,Air|PRESPELLTYPE:1,ARCANE=4	BONUS:SPELLKNOWN|TYPE=Arcane;LEVEL=1|4|PRESPELLTYPE:1,ARCANE=4
#4	SPELLKNOWN:CLASS|SPELLCASTER.Arcane=5|Control Winds|PREDOMAIN:1,Air|PRESPELLTYPE:1,ARCANE=5	BONUS:SPELLKNOWN|TYPE=Arcane;LEVEL=5|1|PRESPELLTYPE:1,ARCANE=5
#4	SPELLKNOWN:CLASS|SPELLCASTER.Arcane=6|Chain Lightning|PREDOMAIN:1,Air|PRESPELLTYPE:1,ARCANE=6	BONUS:SPELLKNOWN|TYPE=Arcane;LEVEL=6|1|PRESPELLTYPE:1,ARCANE=6
#4	SPELLKNOWN:CLASS|SPELLCASTER.Arcane=7|Control Weather|PREDOMAIN:1,Air|PRESPELLTYPE:1,ARCANE=7	BONUS:SPELLKNOWN|TYPE=Arcane;LEVEL=7|1|PRESPELLTYPE:1,ARCANE=7
#4	SPELLKNOWN:CLASS|SPELLCASTER.Arcane=8|Whirlwind|PREDOMAIN:1,Air|PRESPELLTYPE:1,ARCANE=8	BONUS:SPELLKNOWN|TYPE=Arcane;LEVEL=8|1|PRESPELLTYPE:1,ARCANE=8
#4	SPELLKNOWN:CLASS|SPELLCASTER.Arcane=9|Elemental Swarm (Cast as an air spell only)|PREDOMAIN:1,Air|PRESPELLTYPE:1,ARCANE=9	BONUS:SPELLKNOWN|TYPE=Arcane;LEVEL=9|1|PRESPELLTYPE:1,ARCANE=9
7	ADD:SPELLCASTER|Arcane
#7	SPELLKNOWN:CLASS|SPELLCASTER.Arcane=1|Protection from Chaos|PREDOMAIN:1,Law|PRESPELLTYPE:1,ARCANE=1	BONUS:SPELLKNOWN|TYPE=Arcane;LEVEL=1|1|PRESPELLTYPE:1,ARCANE=1
#7	SPELLKNOWN:CLASS|SPELLCASTER.Arcane=2|Calm Emotions|PREDOMAIN:1,Law|PRESPELLTYPE:1,ARCANE=2	BONUS:SPELLKNOWN|TYPE=Arcane;LEVEL=2|1|PRESPELLTYPE:1,ARCANE=2
#7	SPELLKNOWN:CLASS|SPELLCASTER.Arcane=3|Magic Circle against Chaos|PREDOMAIN:1,Law|PRESPELLTYPE:1,ARCANE=3	BONUS:SPELLKNOWN|TYPE=Arcane;LEVEL=3|1|PRESPELLTYPE:1,ARCANE=3
#7	SPELLKNOWN:CLASS|SPELLCASTER.Arcane=4|Order's Wrath|PREDOMAIN:1,Law|PRESPELLTYPE:1,ARCANE=4	BONUS:SPELLKNOWN|TYPE=Arcane;LEVEL=4|1|PRESPELLTYPE:1,ARCANE=4
#7	SPELLKNOWN:CLASS|SPELLCASTER.Arcane=5|Dispel Chaos|PREDOMAIN:1,Law|PRESPELLTYPE:1,ARCANE=5	BONUS:SPELLKNOWN|TYPE=Arcane;LEVEL=5|1|PRESPELLTYPE:1,ARCANE=5
#7	SPELLKNOWN:CLASS|SPELLCASTER.Arcane=6|Hold Monster|PREDOMAIN:1,Law|PRESPELLTYPE:1,ARCANE=6	BONUS:SPELLKNOWN|TYPE=Arcane;LEVEL=6|1|PRESPELLTYPE:1,ARCANE=6
#7	SPELLKNOWN:CLASS|SPELLCASTER.Arcane=7|Dictum|PREDOMAIN:1,Law|PRESPELLTYPE:1,ARCANE=7	BONUS:SPELLKNOWN|TYPE=Arcane;LEVEL=7|1|PRESPELLTYPE:1,ARCANE=7
#7	SPELLKNOWN:CLASS|SPELLCASTER.Arcane=8|Shield of Law|PREDOMAIN:1,Law|PRESPELLTYPE:1,ARCANE=8	BONUS:SPELLKNOWN|TYPE=Arcane;LEVEL=8|1|PRESPELLTYPE:1,ARCANE=8
#7	SPELLKNOWN:CLASS|SPELLCASTER.Arcane=9|Summon Monster IX|PREDOMAIN:1,Law|PRESPELLTYPE:1,ARCANE=9	BONUS:SPELLKNOWN|TYPE=Arcane;LEVEL=9|1|PRESPELLTYPE:1,ARCANE=9




10	ADD:SPELLCASTER|Arcane		
11:REPEATLEVEL:1	ADD:SPELLCASTER|Arcane		ADD:SPELLCASTER|Arcane	PREPCLEVEL:MIN=20
CLASS:Abjurant Champion.MOD	BONUS:VAR|ClassBABFull|classlevel("APPLIEDAS=NONEPIC")|PREVAREQ:UseFractionalBAB,1

CLASS:Dragonfire Adept.MOD		ABILITY:FEAT|AUTOMATIC|Simple Weapon Proficiency
1	ABILITY:Ability Focus|AUTOMATIC|Dragonfire Adept ~ Breath Weapon Ability Focus		ABILITY:Special Ability|AUTOMATIC|All Automatic Proficiencies


CLASS:Sorcerer.COPY=Draconic Passage Sorcerer
1	ABILITY:Sorcerer Class Feature|AUTOMATIC|Sorcerer ~ Spells
CLASS:Draconic Passage Sorcerer.MOD		SPELLLIST:1|Sorcerer	SERVESAS:CLASS|Sorcerer	HD:1	TYPE:Monster	STARTSKILLPTS:0		
#1	SAB:Draconic Passage Sorcerer


CLASS:Psychic Rogue.MOD		ABILITY:Special Ability|AUTOMATIC|Sneak Attack	SERVESAS:CLASS|Rogue

CLASS:Paladin of Freedom.MOD		PROHIBITSPELL:SCHOOL.Conjuration|PREABILITY:1,CATEGORY=ACF,TYPE.PaladinSpellcasting		PROHIBITSPELL:SCHOOL.Enchantment|PREABILITY:1,CATEGORY=ACF,TYPE.PaladinSpellcasting		PROHIBITSPELL:SCHOOL.Divination|PREABILITY:1,CATEGORY=ACF,TYPE.PaladinSpellcasting		PROHIBITSPELL:SCHOOL.Transmutation|PREABILITY:1,CATEGORY=ACF,TYPE.PaladinSpellcasting			PROHIBITSPELL:SCHOOL.Evocation|PREABILITY:1,CATEGORY=ACF,TYPE.PaladinSpellcasting	PROHIBITSPELL:SCHOOL.Abjuration|PREABILITY:1,CATEGORY=ACF,TYPE.PaladinSpellcasting	PROHIBITSPELL:SCHOOL.Illusion|PREABILITY:1,CATEGORY=ACF,TYPE.PaladinSpellcasting		PROHIBITSPELL:SCHOOL.Necromancy|PREABILITY:1,CATEGORY=ACF,TYPE.PaladinSpellcasting		BONUS:SPELLCAST|CLASS=Paladin of Freedom;LEVEL=ALL|-100|PREABILITY:1,CATEGORY=ACF,TYPE.PaladinSpellcasting	




CLASS:Battle Dancer		HD:8		TYPE:Base.PC.NonCaster	FACT:ClassType|PC	FACT:Abb|BDr	SOURCEPAGE:Dragon Compendium	DEFINE:BattleDancerLVL|0	BONUS:COMBAT|BASEAB|classlevel("APPLIEDAS=NONEPIC")|TYPE=Base.REPLACE|PREVAREQ:UseAlternateBABProgression,0	BONUS:SAVE|BASE.Fortitude,BASE.Reflex,BASE.Will|classlevel("APPLIEDAS=NONEPIC")/2+2	BONUS:VAR|BattleDancerLVL|CL			SERVESAS:CLASS|Monk

# Class Name	Required AL
CLASS:Battle Dancer		PREVAREQ:BattleDancerAlignmentNotMet,0	

# Class Name	Skill Pts/Lvl	Class Skill
CLASS:Battle Dancer		STARTSKILLPTS:4	CSKILL:Balance|Climb|Concentration|TYPE=Craft|Diplomacy|Escape Artist|Hide|Jump|Knowledge (Arcana)|Knowledge (Religion)|Listen|Move Silently|TYPE=Perform|TYPE=Profession|Sense Motive|Spot|Swim|Tumble
###Block
1	ABILITY:Class|AUTOMATIC|Battle Dancer
























CLASS:Scaled Horror	HD:10		TYPE:PC.Prestige	FACT:ClassType|Prestige	FACT:Abb|Asn		SOURCEPAGE:Savage Species	DEFINE:ScaledHorrorLVL|0	BONUS:COMBAT|BASEAB|classlevel("APPLIEDAS=NONEPIC")*3/4|TYPE=Base.REPLACE|PREVAREQ:UseAlternateBABProgression,0	BONUS:VAR|ClassBABModerate|classlevel("APPLIEDAS=NONEPIC")|PREVAREQ:UseFractionalBAB,1	BONUS:VAR|ScaledHorrorLVL|CL	BONUS:SAVE|BASE.Fortitude|classlevel("APPLIEDAS=NONEPIC")/2+2	BONUS:SAVE|BASE.Reflex,BASE.Will|classlevel("APPLIEDAS=NONEPIC")/3
# Class Name	Required AL		Required Skill
CLASS:Scaled Horror		PRESKILL:2,Hide=5,Move Silently=5			PRERACE:1,RACESUBTYPE=Reptile,RACESUBTYPE=Reptilian,RACETYPE=Dragon,RACESUBTYPE=Aquatic	PREATT:5	PREMULT:1,[PRESKILL:1,Swim=5],[PREMOVE:1,Swim=1]
# Class Name	Skill Pts/Lvl	Class Skill
CLASS:Scaled Horror	STARTSKILLPTS:4	CSKILL:Climb|Concentration|Hide|Jump|Listen|Move Silently|Search|Spot|Survival|Swim
# Class Name	Spell Stat		Spell Type		Memorize	Caster level
CLASS:Scaled Horror	FACT:SpellType|Divine	SPELLLIST:2|Ranger|Scaled Horror		
CLASS:Scaled Horror	SPELLSTAT:WIS	MEMORIZE:YES	SPELLBOOK:NO	BONUS:CASTERLEVEL|ScaledHorror|Caster_Level_ScaledHorror	DEFINE:Caster_Level_ScaledHorror|0	BONUS:VAR|Caster_Level_ScaledHorror|CL+Caster_Level_Bonus	DEFINE:CasterLevelBLScaledHorror|0	BONUS:VAR|CasterLevelBLScaledHorror|charbonusto("PCLEVEL","ScaledHorror")	BONUS:VAR|Caster_Level_Highest__Arcane|Caster_Level_ScaledHorror+CasterLevelBLScaledHorror|TYPE=Base
CLASS:Scaled Horror	AUTO:ARMORPROF|ARMORTYPE=Heavy|ARMORTYPE=Light	AUTO:SHIELDPROF|SHIELDTYPE=ShieldProf	AUTO:WEAPONPROF|TYPE=Simple|TYPE=Martial
1	ABILITY:Special Ability|AUTOMATIC|Improved Grab|Shark ~ Keen Scent
1	CAST:0
2	CAST:1
2	SAB:Freedom Of Movement (EX) - when in water, act as if under the effects of FreedomOf Movement
3	CAST:1,0
4	CAST:1,1
4	DR:2/-
5	CAST:1,1,0
5	ABILITY:FEAT|VIRTUAL|Spring Attack
6	CAST:1,1,1
7	CAST:2,1,1,0
7	ABILITY:FEAT|VIRTUAL|Silent Spell
8	CAST:2,1,1,1
8	ABILITY:FEAT|VIRTUAL|Still Spell
9	CAST:2,2,1,1
10	CAST:2,2,2,1
10	DR:4/-






CLASS:Reaping Mauler.MOD	BONUS:VAR|ClassBABFull|classlevel("APPLIEDAS=NONEPIC")|PREVAREQ:UseFractionalBAB,1





CLASS:Leviathan Hunter	HD:10		TYPE:PC.Prestige	FACT:ClassType|Prestige	FACT:Abb|LH		SOURCEPAGE:Stormwrack, 95	DEFINE:LeviathanHunterLVL|0	BONUS:COMBAT|BASEAB|classlevel("APPLIEDAS=NONEPIC")|TYPE=Base.REPLACE|PREVAREQ:UseAlternateBABProgression,0	BONUS:VAR|ClassBABFull|classlevel("APPLIEDAS=NONEPIC")|PREVAREQ:UseFractionalBAB,1	BONUS:VAR|LeviathanHunterLVL|CL	BONUS:SAVE|BASE.Fortitude|classlevel("APPLIEDAS=NONEPIC")/2+2	BONUS:SAVE|BASE.Reflex,BASE.Will|classlevel("APPLIEDAS=NONEPIC")/3
# Class Name	Required AL		Required Skill
CLASS:Leviathan Hunter	PREALIGN:LG,NG,CG	PRESKILL:1,Knowledge (Nature)=4		PREABILITY:1,CATEGORY=Feat,Iron Will	PREABILITY:1,CATEGORY=Feat,Track	PREATT:5	PRETEXT:Fabored Enemy(Aberrations, Animals, Dragons, or Magical Beasts)
# Class Name	Skill Pts/Lvl	Class Skill
CLASS:Leviathan Hunter	STARTSKILLPTS:4	CSKILL:Climb|TYPE.Craft|Gather Information|Hide|Jump|Knowledge (Arcana)|Knowledge (Religion)|Knowledge (Nature)|Listen
# Class Name	Spell Stat		Spell Type		Memorize	Caster level
CLASS:Leviathan Hunter	FACT:SpellType|Arcane	SPELLLIST:2|Assassin|Leviathan Hunter		
CLASS:Leviathan Hunter	SPELLSTAT:INT	MEMORIZE:NO	BONUS:CASTERLEVEL|Leviathan Hunter|Caster_Level_Leviathan Hunter	DEFINE:Caster_Level_Leviathan Hunter|0	BONUS:VAR|Caster_Level_Leviathan Hunter|CL+Caster_Level_Bonus	DEFINE:CasterLevelBLLeviathan Hunter|0	BONUS:VAR|CasterLevelBLLeviathan Hunter|charbonusto("PCLEVEL","Leviathan Hunter")	BONUS:VAR|Caster_Level_Highest__Arcane|Caster_Level_Leviathan Hunter+CasterLevelBLLeviathan Hunter|TYPE=Base		MAXLEVEL:5		
1	ABILITY:Special Ability|AUTOMATIC|LHunterInsight	ABILITY:Special Ability|AUTOMATIC|Trophy	DEFINE:TrophyBonus|0	BONUS:VAR|TrophyBonus|2
2	ABILITY:Special Ability|AUTOMATIC|Fell The Leviathan		DEFINE:FellLevithan|0		BONUS:VAR|FellLevithan|2	
3	ABILITY:Special Ability|AUTOMATIC|Leviathan Hunger ~ Clever Wrestling
4	BONUS:VAR|FellLevithan|2
5	BONUS:VAR|TrophyBonus|2		ABILITY:Special Ability|AUTOMATIC|Leviathan Hunter ~ Immunity to Fear




CLASS:Ranger.MOD
SUBSTITUTIONCLASS:Fangshield Ranger	SOURCEPAGE:41	PRERACETYPE:Animal,Fey,Giant,Magical Beast,Monstrous Humanoid
SUBSTITUTIONLEVEL:2								ABILITY:Ranger Class Feature|AUTOMATIC|Ranger ~ Combat Style|!PREABILITY:1,CATEGORY=ACF,TYPE.RangerCombatTree		QUALIFY:ABILITY=Special Ability|Combat Style ~ Natural Fighting
SUBSTITUTIONLEVEL:4	BONUS:VAR|AnimalCompanionLVL|(CL/2)+2	ABILITY:Special Ability|AUTOMATIC|Animal Companion|Fangshield Ranger ~ Animal Companion	ADD:SPELLCASTER|Ranger
SUBSTITUTIONLEVEL:5								ABILITY:Special Ability|AUTOMATIC|Fangshield Ranger ~ Lion and the Unicorn			ADD:SPELLCASTER|Ranger



CLASS:SPelldancer.MOD

1:REPEATLEVEL:1		ADD:SPELLCASTER|ANY