# CVS $Revision$ $Author$ -- Fri Oct 19 20:16:09 2012 -- reformated by prettylst.pl v1.39 (build 15052)
SOURCELONG:My Campaign	SOURCESHORT:My	SOURCEWEB:http://www.mywebsite.com	SOURCEDATE:2008-01

#insert your data here

#Every line that starts with a '#' is a comment. You may want to remove these comments, if you use this file to set up
#your own data. Remember not to put the '#' at the start of your own data, as PCGen would see it as a comment only.
#
#When Running PCGen, you can select "Help > Documentation > List Files > List File Tag Index > Race File tags" to find
#out how the tags in the races file work. Some of the tags used here are global tags. You will see an alphabetical
#listing of all PCGen tags to the left of the documentation window. You can find the global tags there as well.
#
#To learn the basics of coding a race, you can also visit "Help > Documentation > List Files > LST File Class > Lesson 3-6"
#
#
#####Example

#Xill		STARTFEATS:1	SIZE:M	MOVE:Walk,40		FACE:5	REACH:5	VISION:Darkvision (60')	PREALIGN:2	LANGAUTO:Infernal		BONUS:COMBAT|AC|7|TYPE=NaturalArmor		BONUS:STAT|STR|4	BONUS:STAT|DEX|6	BONUS:STAT|CON|4	BONUS:STAT|INT|2	BONUS:STAT|WIS|2		MONCSKILL:Balance|Climb|Diplomacy|Escape Artist|Intimidate|Listen|Move Silently|Sense Motive|Spot|Tumble|Use Rope	AUTO:WEAPONPROF|Longbow|Sword (Short)|TYPE.Martial|TYPE.Simple		LEGS:2	HANDS:4	NATURALATTACKS:Claw,Weapon.Natural.Melee.Finesseable.Piercing.Slashing,*2,1d4|Claw,Weapon.Natural.Melee.Finesseable.Piercing.Slashing,*1,1d4		SAB:Implant (Ex)	SAB:Improved Grab (Ex)	SAB:Paralysis (Ex)	SAB:Planewalk (Su)	SAB:Spell Resistance (Ex)		SR:21		MONSTERCLASS:Outsider:5		RACETYPE:Outsider	HITDICEADVANCEMENT:8,15		LEVELADJUSTMENT:4	CR:6	SOURCEPAGE:MonstersT-Z

#####
#Xill is the name of the race. It must be the first field on each line, the remaining tags may be of any order.
#
#The STARTFEATS tag grants a number of free feats to the race at first level.
#
#The SIZE tag determines the size of the Race. (F=Fine, D=Diminutive, T=Tiny, S=Small, M=Medium, L=Large, H=Huge, G=Gargantuan,
#C=Colossal). Size is used in determining to-hit, AC, and affects some skills).
#
#The MOVE tag determines the Type and Speed of the different movement types the race has.
#
#The FACE tag Describes how much space the creature takes up. For 3.0 rules this tag is used for the Face statistic. For 3.5
#rules this tag is used for the Space statistic. If only one number is used it is assumed to represent all sides.
#
#The REACH tag determines the reach of the Race.
#
#The VISION tag is used to grant the specified vision to the character.
#
#The PREALIGN tag is used, so it is required that you have a certain alignment to be able to select this race. There is a
#multitude of existing prerequiste tags in PCGen. If you are looking into the documentation under List File Tag Index, you
#can find them listed under the topic "PRExxx tags".
#
#The LANGAUTO tag is holding a list of languages that the character automatically gains.
#
#The BONUS tags are a group of similar tags, that grant some form of Bonus to another already existing tag. To read a description
#of them, look in the List File Tag Index under the topic "Bonus tags".
#
#The MONCSKILL tag is used to grant the listed skills as monster class skills.
#
#The AUTO:WEAPONPROF tag is holding a list of weapons that are granted as free weapon proficiencies.
#
#The LEGS and HANDS tags set the number of respective limbs that a creature has. The number of legs is used to determine the
#carrying capacity of a creature, while the number of hands is used for purposes of Multiattack and Multidexterity.
#
#The NATURALATTACKS tag defines the non-equipment attacks a race may possess. It follows a pattern of Attack Name, Attack Types,
#Number of Attacks and Attack Damage.
#
#The SA tag is holding a text that will be displayed as Special Ability on the output sheet.
#
#The SR tag indicates the Spell Resistance this race bestows.
#
#The MONSTERCLASS tag determines the number of Monster Levels the race gets on start. The class must be TYPE:Monster and have a
#PRERACETYPE that matches the race.
#
#The RACETYPE tag defines the Type of creature the race is. This is important for matching up with Monster HD, and for references to
#race, such as the Rangers Favored Enemy.
#
#In the HITDICEADVANCEMENT tag the last number of this comma delimited list is the highest HD the creature can advance to,
#through HD advancement. All the numbers preceding the last number each indicate the highest number of HD the creature can have
#before its size increases by one category.
#
#The LEVELADJUSTMENT tag raises the Effective Character Level (ECL) of the creature by the number supplied.
#
#The CR tag sets the Challenge Rating of the creature. For CR's less than 1, fractions are used (1/2, 1/4, 1/8). Note: CR's using
#fractions must start with a "1/". Expressions such as CR:3/4 or CR:0.5 will not work.
#
#The SOURCEPAGE tag can be used to hold a reference to where you can find the race. This will be displayed in PCGen.




#Kobold.MOD	VISION:Darkvision.CLEAR			BONUS:ABILITYPOOL|Kobold Subrace|1

Kobold.MOD		BONUS:ABILITYPOOL|Kobold Draconic Rite of Passage|1



#Kobold.COPY=Kobold (Variant)			SERVESAS:RACE|Kobold


Kobold (Variant)	SOURCEPAGE:Races Of The Dragon Web Enhancement		NATURALATTACKS:Claw,Weapon.Natural.Melee.Finesseable.Piercing.Slashing.Primary,*2,1d3|Bite,Weapon.Natural.Melee.Finesseable.Piercing.Slashing.Primary,*1,1d3		SAB:Treat Greatpick as Martial.	BONUS:ABILITYPOOL|Kobold Draconic Rite of Passage|1		ABILITY:Special Ability|AUTOMATIC|Slight Build	AUTO:WEAPONPROF|Pick (Light)|Pick (Heavy)		RACETYPE:Humanoid		SERVESAS:RACE|Kobold	SIZE:S		STARTFEATS:1		AUTO:LANG|Yip-yak		LANGBONUS:Draconic,Common,Undercommon			MOVE:Walk,30

#Kobold (Variant)	SERVESAS:RACE|Kobold		FAVCLASS:Sorcerer	STARTFEATS:1	FACT:HasFirstLevelFeat|True	SIZE:S	MOVE:Walk,30	FACE:5	REACH:5	BONUS:COMBAT|AC|1|TYPE=NaturalArmor										 BONUS:VAR|DarkvisionRange|60|TYPE=Base								ABILITY:Race|AUTOMATIC|Kobold						RACETYPE:Humanoid							 RACESUBTYPE:Reptilian	 TYPE:Humanoid													 CR:1/4		SOURCEPAGE:Races Of The Dragon Web Enhancement		NATURALATTACKS:Claw,Weapon.Natural.Melee.Finesseable.Piercing.Slashing.Primary,*2,1d3|Bite,Weapon.Natural.Melee.Finesseable.Piercing.Slashing.Primary,*1,1d3		SAB:Treat Greatpick as Martial.	BONUS:ABILITYPOOL|Kobold Draconic Rite of Passage|1		ABILITY:Special Ability|AUTOMATIC|Slight Build	AUTO:WEAPONPROF|Pick (Light)|Pick (Heavy)			BONUS:ABILITYPOOL|Kobold Subrace|1
Nezumi	SIZE:M	SOURCEPAGE:p.13	RACETYPE:Humanoid	TYPE:Humanoid.PC	RACESUBTYPE:Nezumi	MOVE:Walk,40	FACE:5	REACH:5		LEGS:2	HANDS:2		STARTFEATS:1	FACT:HasFirstLevelFeat|True	NATURALATTACKS:Claw,Natural.Melee.Weapon,*1,1d4	NATURALATTACKS:Bite,Natural.Melee.Weapon,*1,1d4		BONUS:STAT|CON|2	BONUS:STAT|CHA|-2		VISION:Low-Light	BONUS:SKILL|Hide,Move Silently|2|TYPE=Racial		SAB:+2 to saving throws vs poison and disease.		SAB:Immune to Shadowlands Taint			ABILITY:Special Ability|AUTOMATIC|Scent		AUTO:LANG|Common	AUTO:LANG|Nezumi	LANGBONUS:Bakemono,Shadowlands	FAVCLASS:Rogue

Worghest		BONUS:STAT|STR,DEX|2|TYPE=Racial.STACK		BONUS:STAT|CHA|-2|TYPE=Racial.STACK			MOVE:Walk,30		RACETYPE:Outsider		SIZE:M		FACE:5		REACH:5	RACESUBTYPE:Goblin		RACESUBTYPE:Shapechanger		VISION:Darkvision (60')		VISION:Low-Light	ABILITY:Special Ability|AUTOMATIC|Scent		BONUS:SKILL|Move Silently|4|TYPE=Racial.STACK	LEVELADJUSTMENT:2		ABILITY:Special Ability|AUTOMATIC|Worghest Traits		FAVCLASS:Ranger		AUTO:LANG|Common|Infernal|Worg		LANGBONUS:Giant,Goblin,Ogre,Orc		SOURCEPAGE:Dragon Magazine 350	STARTFEATS:1			RACESUBTYPE:Native


Feral Gargun.MOD		LEVELADJUSTMENT:2





#Snake,	Small	viper	6	Med	2d8	+1	3	+0	+4	+0	+0	+4	-4	(2	+	Int	mod)	x	5	+3	+0	Rogue	20	-
#Anthropomorphic Small Viper	SIZE:M	RACETYPE:Monstrous Humanoid	RACESUBTYPE:Small Viper	MONSTERCLASS:Monstrous Humanoid:2	LEVELADJUSTMENT:1	BONUS:STAT|STR|0	BONUS:STAT|DEX|4	BONUS:STAT|CON|0	BONUS:STAT|INT|0	BONUS:STAT|WIS|4	BONUS:STAT|CHA|-4	FAVCLASS:Rogue		MOVE:Walk,20 	ABILITY:Internal|AUTOMATIC|Race Traits ~ Snake (Viper/Small)	TEMPLATE:Monstrous Humanoid	FACT:HasFirstLevelFeat|True	LANGBONUS:TYPE=Spoken	FACT:IsPC|True		AUTO:LANG|Common	VISION:Darkvision (60')			BONUS:VAR|AC_Natural_Armor|2|TYPE=Base	HANDS:2	LEGS:2	
#Snake,	Med.	viper	6	Med	2d8	+1	3	-2	+6	+0	+0	+4	-4	(2	+	Int	mod)	x	5	+3	+0	Rogue	20	-
#Snake,	Large	viper	6	Med	2d8	+0	2	-8	+8	-4	+0	+4	-4	(2	+	Int	mod)	x	5	+3	+0	Rogue	20	-

#Snake,	Huge	viper	6	Large	3d8	+0	3	-8	+10	-2	+0	+4	-4	(2	+	Int	mod)	x	6	+3	-1	Rogue	20	-
Anthropomorphic Huge Viper		SIZE:L		RACETYPE:Monstrous Humanoid		RACESUBTYPE:Huge Viper		RACESUBTYPE:Anthropomorphic		MONSTERCLASS:Monstrous Humanoid:3	LEVELADJUSTMENT:0		BONUS:STAT|STR|-8|TYPE=Racial.STACK		BONUS:STAT|DEX|10|TYPE=Racial.STACK		BONUS:STAT|CON|-2|TYPE=Racial.STACK	BONUS:STAT|WIS|4|TYPE=Racial.STACK		BONUS:STAT|CHA|-4|TYPE=Racial.STACK	FAVCLASS:Rogue		HANDS:2		LEGS:2	MOVE:Walk,20,Climb,20		BONUS:COMBAT|AC|3|TYPE=NaturalArmor.STACK							ABILITY:FEAT|AUTOMATIC|Weapon Finesse		MONCSKILL:Balance|Climb|Hide|Listen|Spot|Swim		BONUS:SKILL|Climb|max((DEX-STR),0)|TYPE=Racial.STACK			BONUS:SKILL|Balance,Climb|8|TYPE=Racial		BONUS:SKILL|Hide,Listen,Spot|4|TYPE=Racial	FACE:10		REACH:10		BONUS:WEAPONPROF=Bite|DAMAGE|max(0,(STR/2))			NATURALATTACKS:Bite,Weapon.Natural.Melee.Finesseable.Bludgeoning.Piercing.Slashing.Poison,*1,1d4,SPROP=Poison		BONUS:VAR|DC_Poison|1		VISION:Darkvision (60')		ABILITY:Special Ability|AUTOMATIC|Viper Snake ~ Poison



#Squid,	giant	2	Large	3d8	+1	4	+8	+8	-2	+0	+4	-4	(2	+	Int	mod)	x	6	+6	-1	Ranger	30	-


Anthropomorphic Tiny Viper.MOD			MOVE:Climb,15

Hengeyokai		KEY:Hengeyokai ~ Custom		BONUS:STAT|WIS|-2|TYPE=Racial.STACK		RACETYPE:Humanoid		RACESUBTYPE:Shapechanger	STARTFEATS:1	SIZE:M			FACE:5		REACH:5		MOVE:Walk,30		ABILITY:Special Ability|AUTOMATIC|Hengeyokai ~ Alternate Form	AUTO:LANG|Common|Hengeyokai		LANGBONUS:Giant,Goblin,Nezumi,Spirit Tongue


Petal		SIZE:T		RACETYPE:Fey	MOVE:Walk,15	MOVE:Fly,60		ABILITY:Special Ability|AUTOMATIC|Aerial Maneuverability		BONUS:VAR|Maneuverability|4		FACE:0	REACH:0		BONUS:STAT|STR|-8|TYPE=Racia.STACK	BONUS:STAT|DEX|10|TYPE=Racial.STACK		BONUS:STAT|CON|4|TYPE=Racial.STACK		BONUS:STAT|INT|4|TYPE=Racial.STACK		BONUS:STAT|CHA|8|TYPE=Racial.STACK		MONCSKILL:Craft (Flower Arranging)|Escape Artist|Hide|Knowledge (Nature)|Move Silently|Spot|Tumble		ABILITY:FEAT|VIRTUAL|Weapon Finesse		CR:1		LEVELADJUSTMENT:2		HITDICEADVANCEMENT:3		SOURCEPAGE: MMIII,120		