# CVS $Revision$ $Author$ -- Tue Dec 15 01:48:08 2015 -- reformated by PCGen PrettyLST v6.06.00
SOURCELONG:My Campaign	SOURCESHORT:My	SOURCEWEB:http://www.mywebsite.com	SOURCEDATE:2008-01

#insert your data here

#Every line that starts with a '#' is a comment. You may want to remove these comments, if you use this file to set up
#your own data. Remember not to put the '#' at the start of your own data, as PCGen would see it as a comment only.
#
#When Running PCGen, you can select "Help > Documentation > List Files > List File Tag Index > Template File tags to find
#out how the tags in the templates file work. Some of the tags used here are global tags. You will see an alphabetical
#listing of all PCGen tags to the left of the documentation window. You can find the global tags there as well.
#
#
#
#
#####Example

#Vampire		HITDIE:12		CR:2	DR:10/Silver and Magic		LEVELADJUSTMENT:8	TEMPLATE:Undead	TEMPLATE:CHOOSE:Slam (Fine)|Slam (Diminutive)|Slam (Tiny)|Slam (Small)|Slam (Medium)|Slam (Large)|Slam (Huge)|Slam (Gargantuan)|Slam (Colossal)	SOURCEPAGE:MonstersT-Z	SAB:Blood Drain (Ex)	SAB:Children of the Night (Su)	SAB:Dominate (Su) DC%|VampireAbilityDC	SAB:Energy Drain (Su)	SAB:Create Spawn (Su)	SAB:Alternate Form (Su)	SAB:Fast Healing 5 (Ex)	SAB:Gaseous Form (Su)	SAB:Energy Resistance Cold/Electricity 10	SAB:Turn Resistance +4 (Ex)	SAB:Spider Climb (Ex)	DEFINE:VampireAbilityDC|0		PREALIGN:2,5,8		BONUS:COMBAT|AC|6|TYPE=NaturalArmor.STACK		BONUS:SKILL|Bluff,Hide,Listen,Move Silently,Search,Sense Motive,Spot|8|TYPE=Racial	BONUS:STAT|STR|6	BONUS:STAT|DEX|4	BONUS:STAT|INT|2	BONUS:STAT|WIS|2	BONUS:STAT|CHA|4	BONUS:VAR|VampireAbilityDC|15+CHA			RACETYPE:Undead
#Vampire Feat	ABILITYLIST:Alertness,Combat Reflexes,Dodge,Improved Initiative,Lightning Reflexes

Drider ~ L6HD	PRESIZEEQ:M		PRERACE:1,RACETYPE=Humanoid,RACETYPE=Monstrous Humanoid	PRELEVEL:MAX=0					VISIBLE:YES		TEMPLATE:Large Drider	ADDLEVEL:DriderTemplate|6
Drider ~ L5HD	PRESIZEEQ:M		PRERACE:1,RACETYPE=Humanoid,RACETYPE=Monstrous Humanoid					VISIBLE:YES		TEMPLATE:Large Drider	ADDLEVEL:DriderTemplate|5	PRELEVEL:MAX=1,MIN=1
Drider ~ L4HD	PRESIZEEQ:M		PRERACE:1,RACETYPE=Humanoid,RACETYPE=Monstrous Humanoid					VISIBLE:YES		TEMPLATE:Large Drider	ADDLEVEL:DriderTemplate|4	PRELEVEL:MAX=2,MIN=2
Drider ~ L3HD	PRESIZEEQ:M		PRERACE:1,RACETYPE=Humanoid,RACETYPE=Monstrous Humanoid					VISIBLE:YES		TEMPLATE:Large Drider	ADDLEVEL:DriderTemplate|3	PRELEVEL:MAX=3,MIN=3
Drider ~ L2HD	PRESIZEEQ:M		PRERACE:1,RACETYPE=Humanoid,RACETYPE=Monstrous Humanoid					VISIBLE:YES		TEMPLATE:Large Drider	ADDLEVEL:DriderTemplate|2		PRELEVEL:MAX=4,MIN=4
Drider ~ L1HD	PRESIZEEQ:M		PRERACE:1,RACETYPE=Humanoid,RACETYPE=Monstrous Humanoid			VISIBLE:YES		TEMPLATE:Large Drider		ADDLEVEL:DriderTemplate|1	PRELEVEL:MAX=5,MIN=5
Drider ~ L0HD	PRESIZEEQ:M		PRERACE:1,RACETYPE=Humanoid,RACETYPE=Monstrous Humanoid			VISIBLE:YES		TEMPLATE:Large Drider

Drider ~ M4HD	PRESIZEEQ:S		PRERACE:1,RACETYPE=Humanoid,RACETYPE=Monstrous Humanoid					VISIBLE:YES		TEMPLATE:Medium Drider	ADDLEVEL:DriderTemplate|4	PRELEVEL:MAX=2,MIN=2
Drider ~ M3HD	PRESIZEEQ:S		PRERACE:1,RACETYPE=Humanoid,RACETYPE=Monstrous Humanoid					VISIBLE:YES		TEMPLATE:Medium Drider	ADDLEVEL:DriderTemplate|3	PRELEVEL:MAX=3,MIN=3
Drider ~ M2HD	PRESIZEEQ:S		PRERACE:1,RACETYPE=Humanoid,RACETYPE=Monstrous Humanoid					VISIBLE:YES		TEMPLATE:Medium Drider	ADDLEVEL:DriderTemplate|2		PRELEVEL:MAX=4,MIN=4
Drider ~ M1HD	PRESIZEEQ:S		PRERACE:1,RACETYPE=Humanoid,RACETYPE=Monstrous Humanoid			VISIBLE:YES		TEMPLATE:Medium Drider		ADDLEVEL:DriderTemplate|1	PRELEVEL:MAX=5,MIN=5
Drider ~ M0HD	PRESIZEEQ:S		PRERACE:1,RACETYPE=Humanoid,RACETYPE=Monstrous Humanoid			VISIBLE:YES		TEMPLATE:Medium Drider

Drider ~ S3HD	PRESIZEEQ:T		PRERACE:1,RACETYPE=Humanoid,RACETYPE=Monstrous Humanoid					VISIBLE:YES		TEMPLATE:Small Drider	ADDLEVEL:DriderTemplate|3	PRELEVEL:MAX=3,MIN=3
Drider ~ S2HD	PRESIZEEQ:T		PRERACE:1,RACETYPE=Humanoid,RACETYPE=Monstrous Humanoid					VISIBLE:YES		TEMPLATE:Small Drider	ADDLEVEL:DriderTemplate|2		PRELEVEL:MAX=4,MIN=4
Drider ~ S1HD	PRESIZEEQ:T		PRERACE:1,RACETYPE=Humanoid,RACETYPE=Monstrous Humanoid			VISIBLE:YES		TEMPLATE:Small Drider		ADDLEVEL:DriderTemplate|1	PRELEVEL:MAX=5,MIN=5
Drider ~ S0HD	PRESIZEEQ:T		PRERACE:1,RACETYPE=Humanoid,RACETYPE=Monstrous Humanoid			VISIBLE:YES		TEMPLATE:Small Drider


Large Drider		RACETYPE:Aberration				SIZE:L		NATURALATTACKS:Bite,Weapon.Natural.Melee.Finesseable.Piercing.Slashing.Poison,*1,1d4	DEFINE:DriderPoisonDieSize|0	BONUS:VAR|DriderPoisonDieSize|6		VISIBLE:NO		TEMPLATE:Drider Traits	DEFINE:DriderNatArmor|0	BONUS:VAR|DriderNatArmor|6

Medium Drider		RACETYPE:Aberration				SIZE:M		NATURALATTACKS:Bite,Weapon.Natural.Melee.Finesseable.Piercing.Slashing.Poison,*1,1d3	DEFINE:DriderPoisonDieSize|0	BONUS:VAR|DriderPoisonDieSize|4		VISIBLE:NO		TEMPLATE:Drider Traits	DEFINE:DriderNatArmor|0	BONUS:VAR|DriderNatArmor|4

Small Drider		RACETYPE:Aberration				SIZE:S		NATURALATTACKS:Bite,Weapon.Natural.Melee.Finesseable.Piercing.Slashing.Poison,*1,1d2	DEFINE:DriderPoisonDieSize|0	BONUS:VAR|DriderPoisonDieSize|3		VISIBLE:NO		TEMPLATE:Drider Traits	DEFINE:DriderNatArmor|0	BONUS:VAR|DriderNatArmor|3


Drider Traits	VISIBLE:NO		SR:TL+11		ABILITY:Special Ability|AUTOMATIC|Drider Poison	BONUS:STAT|STR|4	BONUS:STAT|DEX|2	BONUS:STAT|CON|8	BONUS:STAT|WIS|2	BONUS:STAT|CHA|2		LEGS:8		BONUS:SKILL|Hide|4|TYPE=Racial	BONUS:SKILL|Move Silently|4|TYPE=Racial			CR:2	SPELLS:Innate|TIMES=1|TIMEUNIT=Day|CASTERLEVEL=max(1,var("CLASSLEVEL=Sorcerer")+var("BL=Sorcerer"))|Dancing Lights|Darkness|Detect Chaos|Detect Evil|Detect Good|Detect Law|Detect Magic|Faerie Fire|Levitate		BONUS:VAR|COMBAT|AC|DriderNatArmor|TYPE=NaturalArmor






#####
#Vampire is the name of the template. It will appear in the templates list on PCGen's Races tab and will be used if a template
#is added by use of the TEMPLATE tag. The name is the only entry that is mandatory in a template. The other tags are used
#as they are needed.
#
#The HITDIE tag can be used to specify the new Hit Dice size the template grants to the creature.
#
#The CR tag increases the Challenge Rating by the given amount.
#
#The DR tag defines the damage reduction this template bestows.
#
#The LEVELADJUSTMENT tag raises the Effective Character Level (ECL) of the creature by the number supplied, in this case 8.
#
#The TEMPLATE tag grants the supplied template to the character. In PCGen Templates are not only the templates as defined
#in the games, but we use them also as overlays when repetitive data applies to a group of creatures. In this case the Undead
#template applies the Undead traits to the character.
#
#TEMPLATE:CHOOSE will supply a popup window of the choices presented in the tag that are | (pipe) delimited (The user is allowed
#only ONE choice from the list). The given choices must be existing templates, or they will not be eligible. If only one
#choice is eligible, the TEMPLATE:CHOOSE tag will automatically select that one and no popup window will appear.
#
#The SOURCEPAGE tag can be used to hold a reference to where you can find the template. This will be displayed in PCGen.
#
#The SA tag is holding a text that will be displayed as Special Ability on the output sheet. You can have variables displayed
#in it. In "SAB:Dominate (Su) DC%|VampireAbilityDC" the text after the | (pipe) is a variable name. It will replace the % (percent)
#sign and display the value of the VampireAbilityDC variable there.
#
#The DEFINE tag creates a new variable and sets its initial value.
#
#The PREALIGN tag is used, so it is required that you have a certain alignment to be able to select this template. There is a
#multitude of existing prerequiste tags in PCGen. If you are looking into the documentation under List File Tag Index, you can
#find them listed under the topic "PRExxx tags".
#
#The BONUS tags are another group of similar tags, that grant some form of Bonus to another already existing tag. To read a
#description of them, look in the List File Tag Index under the topic "Bonus tags".
#
#The FEAT tag gives a Feat as Bonus Feat to the character. You can grant multiple Feats by listing them seperated by the | (pipe)
#delimiter.
#
#The RACETYPE tag changes the race type of the creature. Each race in PCGen has a RACETYPE tag, when another RACETYPE tag is encounter
#(such as when a RACETYPE tag exists in a template) the characters race type changes to the newly applied RACETYPE, a character can have only one race type at a time.
#(RACETYPE is used internally by PCGen for matching up with Monster HD, and for references to race, such as the Rangers Favored Enemy.)
Human Region ~ Custom Campaign	VISIBLE:NO	AUTO:LANG|Common	LANGBONUS:TYPE=Spoken	REGION:Custom Campaign
#Dragon 136
Obah-Blessed (Two Extra Arms)	HANDS:4	BONUS:STAT|STR,CON|2	BONUS:STAT|DEX,CHA|4		LEVELADJUSTMENT:2	CR:1	SOURCEPAGE:Dragon 136, p 60		ABILITY:Obah-Blessed Feature|AUTOMATIC|Obah-Blessed ~ Multiweapon Fighting		BONUS:COMBAT|Grapple|4	
Obah-Blessed Two Medium Tentacles			NATURALATTACKS:Obah-blessed Tentacles,Weapon.Natural.Melee.Farspawn.Tentacle.Bludgeoning,*2,1d4
Obah-Blessed Four Medium Tentacles			NATURALATTACKS:Obah-blessed Tentacles,Weapon.Natural.Melee.Farspawn.Tentacle.Bludgeoning,*2,1d4	
Obah-Blessed Two Medium Claws			NATURALATTACKS:Obah-blessed Claws,Weapon.Natural.Melee.Farspawn.Claw.Bludgeoning,*2,1d4
Obah-Blessed Four Medium Claws			NATURALATTACKS:Obah-blessed Claws,Weapon.Natural.Melee.Farspawn.Claw.Bludgeoning,*2,1d4	


Skin Of The Claw Attacks			ABILITY:Special Ability|AUTOMATIC|Skin Of The Claw(S)|PRESIZELTEQ:S		ABILITY:Special Ability|AUTOMATIC|Skin Of The Claw(M)|PRESIZEEQ:M		ABILITY:Special Ability|AUTOMATIC|Skin Of The Claw(L)|PRESIZEEQ:L		ABILITY:Special Ability|AUTOMATIC|Skin Of The Claw(H)|PRESIZEEQ:H		ABILITY:Special Ability|AUTOMATIC|Skin Of The Claw(G)|PRESIZEEQ:G		ABILITY:Special Ability|AUTOMATIC|Skin Of The Claw(C)|PRESIZEEQ:C		ABILITY:Special Ability|AUTOMATIC|Skin Of The Claw(C+)|PRESIZEGT:C	


Bite Of The Wolf Attacks			ABILITY:Special Ability|AUTOMATIC|Bite Of The Wolf(S)|PRESIZELTEQ:S		ABILITY:Special Ability|AUTOMATIC|Bite Of The Wolf(M)|PRESIZEEQ:M		ABILITY:Special Ability|AUTOMATIC|Bite Of The Wolf(L)|PRESIZEEQ:L		ABILITY:Special Ability|AUTOMATIC|Bite Of The Wolf(H)|PRESIZEEQ:H		ABILITY:Special Ability|AUTOMATIC|Bite Of The Wolf(G)|PRESIZEEQ:G		ABILITY:Special Ability|AUTOMATIC|Bite Of The Wolf(C)|PRESIZEEQ:C		ABILITY:Special Ability|AUTOMATIC|Bite Of The Wolf(C+)|PRESIZEGT:C	


Beast Claws Attacks			ABILITY:Special Ability|AUTOMATIC|Beast Claws(S)|PRESIZELTEQ:S		ABILITY:Special Ability|AUTOMATIC|Beast Claws(M)|PRESIZEEQ:M		ABILITY:Special Ability|AUTOMATIC|Beast Claws(L)|PRESIZEEQ:L		ABILITY:Special Ability|AUTOMATIC|Beast Claws(H)|PRESIZEEQ:H		ABILITY:Special Ability|AUTOMATIC|Beast Claws(G)|PRESIZEEQ:G		ABILITY:Special Ability|AUTOMATIC|Beast Claws(C)|PRESIZEEQ:C		ABILITY:Special Ability|AUTOMATIC|Beast Claws(C+)|PRESIZEGT:C	






Obah-Blessed (Four Extra Arms)	HANDS:6	BONUS:STAT|STR,CON|4	BONUS:STAT|DEX,CHA|6		LEVELADJUSTMENT:3	CR:2	SOURCEPAGE:Dragon 136, p 60		ABILITY:Obah-Blessed Feature|AUTOMATIC|Obah-Blessed ~ Multiweapon Fighting	BONUS:COMBAT|Grapple|4	
#Greater Rite Of Draconic Passage		PREABILITY:1,CATEGORY=Feat,Dragonwrought		ABILITY:Special Ability|AUTOMATIC|Greater Draconic Rite of Passage

Winged	SOURCEPAGE:Savage Species 138	LEVELADJUSTMENT:2	BONUS:STAT|DEX|4	BONUS:STAT|WIS|2	RACETYPE:Monstrous Humanoid|PRERACE:1,TYPE=Humanoid		RACETYPE:Magical Beast|PRERACE:1,TYPE=Animal,TYPE=Vermin		MOVECLONE:Walk,Fly,*1	BONUS:MOVEADD|TYPE.Fly|20		ABILITY:Special Ability|AUTOMATIC|Aerial Maneuverability		BONUS:VAR|Maneuverability|2|PREVARLT:DEXSCORE,7		BONUS:VAR|Maneuverability|2|PREMULT:2,[PREVARGTEQ:DEXSCORE,7],[PREVARLT:DEXSCORE,11]		BONUS:VAR|Maneuverability|3|PREMULT:2,[PREVARGTEQ:DEXSCORE,11],[PREVARLT:DEXSCORE,15]		BONUS:VAR|Maneuverability|4|PREMULT:2,[PREVARGTEQ:DEXSCORE,15],[PREVARLT:DEXSCORE,17]		BONUS:VAR|Maneuverability|5|PREVARGTEQ:DEXSCORE,17

Greater Rite Of Draconic Passage	SAB:Testing Bonus Sorcerer Level	LEVELADJUSTMENT:-1	ADDLEVEL:Draconic Passage Sorcerer|1	TEMPBONUS:PC|HP|CURRENTMAX|0 - 4 - CON

Assign Subtype ~ Beholder		RACESUBTYPE:Beholder

Evolved Undead.MOD		BONUS:ABILITYPOOL|Evolved Undead Spell-like Ability|1			SAB:.CLEAR		ABILITY:Special Ability|AUTOMATIC|Fast Healing		BONUS:VAR|FastHealingRate|3

Necropolitan.COPY=Necropolitan(Deathless)



#Deathless Necropolitan	HITDIE:12	RACETYPE:Deathless	SOURCEPAGE:p.114 SAB:Resist Control (Ex) SAB:Turn Resistance +2 (Ex)	SAB:Unnatural Resilience (Ex)	TYPE:Deathless		SOURCEPAGE:Deathless Reskin of Necropolitan	TYPE:LA0Playable

Necropolitan.MOD			SAB:.CLEAR	ABILITY:Special Ability|AUTOMATIC|Resist Control|Turn Resistance|Deathless ~ Unnatural Resilience	BONUS:VAR|TurnResistBonus|2		TYPE:LA0Playable

Necropolitan(Deathless).MOD	TYPE:Deathless		RACETYPE:Deathless		ABILITY:Special Ability|AUTOMATIC|Type Output ~ Deathless		SAB:.CLEAR	ABILITY:Special Ability|AUTOMATIC|Resist Control|Turn Resistance|Deathless ~ Unnatural Resilience	BONUS:VAR|TurnResistBonus|2		TYPE:LA0Playable


Evolved Undead.COPY=Evolved Deathless

Evolved Deathless.MOD	HITDIE:12	PRERACE:1,RACETYPE=Deathless	SAB:.CLEAR		ABILITY:Special Ability|AUTOMATIC|Fast Healing		BONUS:VAR|FastHealingRate|3			BONUS:ABILITYPOOL|Evolved Deathless Spell-like Ability|1			SOURCEPAGE:Deathless Reskin of existing template

#Houseruled level adjustment
Corpse.MOD	LEVELADJUSTMENT:1
Corpse.COPY=Corpse (Deathless)
Corpse (Deathless).MOD		TYPE:Deathless		RACETYPE:Deathless		TYPE:Deathless		SOURCEPAGE:Deathless Reskin of Corpse creature	LEVELADJUSTMENT:1
Bone Creature.MOD	LEVELADJUSTMENT:1	
Bone Creature.COPY=Bone Creature (Deathless)
Bone Creature (Deathless).MOD		HITDIE:12	RACETYPE:Deathless	TYPE:Deathless		SOURCEPAGE:Deathless Reskin of Bone creature	LEVELADJUSTMENT:1
Gravetouched Ghoul.COPY=Nighttouched
Nighttouched.MOD	SOURCEPAGE:Deathless reskin of Gravetouched Ghoul		HITDIE:12		RACETYPE:Deathless	TYPE:Deathless			




Half-Minotaur		PRERACE:1,RACETYPE=Humanoid,RACETYPE=Monstrous Humanoid,RACETYPE=Giant	BONUS:COMBAT|AC|2|TYPE=NaturalArmor.STACK			ABILITY:Special Ability|AUTOMATIC|Minotaur Cunning	ABILITY:Special Ability|AUTOMATIC|Scent		BONUS:STAT|STR|4|TYPE=Racial.STACK	BONUS:STAT|CON|2|TYPE=Racial.STACK	BONUS:STAT|INT|-2|TYPE=Racial.STACK		SAB:Minotaurs get a +2 Racial Bonus to Search, Spot, and Listen		BONUS:SKILL|Search,Spot,Listen|2|TYPE=Racial.STACK		ABILITY:FEAT|VIRTUAL|Track		CR:1		LEVELADJUSTMENT:1	VISION:Darkvision (60')			ABILITY:Internal|AUTOMATIC|Half-Minotaur (Medium or Smaller)	PRESIZELT:L	ABILITY:Internal|AUTOMATIC|HMGore (S)|PRESIZEEQ:S	ABILITY:Internal|AUTOMATIC|HMGore (M)|PRESIZEEQ:M	ABILITY:Internal|AUTOMATIC|HMGore (L)|PRESIZEEQ:L	ABILITY:Internal|AUTOMATIC|HMGore (H)|PRESIZEEQ:H

Face 10			FACE:10
Reach 10		REACH:10
Face 15			FACE:15
Reach 15		REACH:15



Half-Minotaur (Large or Larger)		PRERACE:1,RACETYPE=Humanoid,RACETYPE=Monstrous Humanoid,RACETYPE=Giant	BONUS:COMBAT|AC|2|TYPE=NaturalArmor.STACK			ABILITY:Special Ability|AUTOMATIC|Minotaur Cunning	ABILITY:Special Ability|AUTOMATIC|Scent		BONUS:STAT|STR|4|TYPE=Racial.STACK	BONUS:STAT|CON|2|TYPE=Racial.STACK	BONUS:STAT|INT|-2|TYPE=Racial.STACK		SAB:Minotaurs get a +2 Racial Bonus to Search, Spot, and Listen		BONUS:SKILL|Search,Spot,Listen|2|TYPE=Racial.STACK		ABILITY:FEAT|VIRTUAL|Track		CR:1		LEVELADJUSTMENT:1	VISION:Darkvision (60')				ABILITY:Internal|AUTOMATIC|HMGore (S)|PRESIZEEQ:S	ABILITY:Internal|AUTOMATIC|HMGore (M)|PRESIZEEQ:M	ABILITY:Internal|AUTOMATIC|HMGore (L)|PRESIZEEQ:L	ABILITY:Internal|AUTOMATIC|HMGore (H)|PRESIZEEQ:H



Half-Ogre(Medium Or Smaller)		PRERACE:1,RACETYPE=Humanoid,RACETYPE=Monstrous Humanoid,RACETYPE=Giant		ABILITY:Internal|AUTOMATIC|Half-Minotaur (Medium or Smaller)	PRESIZELT:L		BONUS:COMBAT|AC|2|TYPE=NaturalArmor.STACK		CR:1		LEVELADJUSTMENT:1	VISION:Darkvision (60')	BONUS:STAT|STR|4|TYPE=Racial.STACK	BONUS:STAT|CON|2|TYPE=Racial.STACK	BONUS:STAT|CHA|-2|TYPE=Racial.STACK		SAB:Giant Blood (Ex) - Half-Ogres count as giants for qualifying for classes, using magic items, etc.		BONUS:SIZEMOD|NUMBER|1
#Half-Ogre(Medium Or Smaller)		PRERACE:1,RACETYPE=Humanoid,RACETYPE=Monstrous Humanoid,RACETYPE=Giant		ABILITY:Internal|AUTOMATIC|Half-Minotaur (Medium or Smaller)	PRESIZELT:L		BONUS:COMBAT|AC|2|TYPE=NaturalArmor.STACK		CR:1		LEVELADJUSTMENT:1	VISION:Darkvision (60')	BONUS:STAT|STR|4|TYPE=Racial.STACK	BONUS:STAT|CON|2|TYPE=Racial.STACK	BONUS:STAT|CHA|-2|TYPE=Racial.STACK				

Half-Ogre(Large or Larger)		PRERACE:1,RACETYPE=Humanoid,RACETYPE=Monstrous Humanoid,RACETYPE=Giant		BONUS:COMBAT|AC|2|TYPE=NaturalArmor.STACK		CR:1		LEVELADJUSTMENT:0	VISION:Darkvision (60')	BONUS:STAT|STR|4|TYPE=Racial.STACK	BONUS:STAT|CON|2|TYPE=Racial.STACK	BONUS:STAT|CHA|-2|TYPE=Racial.STACK		SAB:Giant Blood (Ex) - Half-Ogres count as giants for qualifying for classes, using magic items, etc.		


Amphibious	RACESUBTYPE:Aquatic		MOVECLONE:Walk,Swim,/2	ABILITY:Special Ability|AUTOMATIC|Amphibious		BONUS:SKILL|Swim|8|TYPE=Racial	BONUS:STAT|DEX|-2		TYPE:LA0Playable		SOURCEPAGE:Stormwrack 135

Wild (Wilderness Dweller)	SAB:Lose Spelllike Abilities		FAVOREDCLASS:Ranger		SOURCEPAGE:Dragon 306, 65		BONUS:STAT|STR|2		BONUS:STAT|INT|-2	BONUS:STAT|CHA|-2	BONUS:MOVEADD|TYPE.Walk|5	TYPE:LA0Playable	


Dragonborn.MOD	TYPE:LA0Playable
Necropolitan.MOD	TYPE:LA0Playable

Use Fractional BAB.MOD	VISIBLE:NO

Half VampireA.MOD		LEVELADJUSTMENT:.CLEAR
Half VampireA.MOD		LEVELADJUSTMENT:2	OUTPUTNAME:Half-Vampire		BONUS:VAR|FastHealingRate|1	BONUS:VAR|ColdResistanceBonus|5		 BONUS:VAR|ElectricityResistanceBonus|5

Fanged Mask Attacks			ABILITY:Special Ability|AUTOMATIC|Fanged Mask(S)|PRESIZELTEQ:S		ABILITY:Special Ability|AUTOMATIC|Fanged Mask(M)|PRESIZEEQ:M		ABILITY:Special Ability|AUTOMATIC|Fanged Mask(L)|PRESIZEEQ:L		ABILITY:Special Ability|AUTOMATIC|Fanged Mask(H)|PRESIZEEQ:H		ABILITY:Special Ability|AUTOMATIC|Fanged Mask(G)|PRESIZEEQ:G		ABILITY:Special Ability|AUTOMATIC|Fanged Mask(C)|PRESIZEEQ:C		ABILITY:Special Ability|AUTOMATIC|Fanged Mask(C+)|PRESIZEGT:C	


Unseelie Fey		SOURCEPAGE:Dragon Compendium		TYPE:LA0Playable		BONUS:STAT|STR|-2		BONUS:STAT|DEX|2	BONUS:STAT|CON|-2		BONUS:STAT|CHA|2		DR:5/iron|PREPCLEVEL:MIN=4,MAX=7	DR:10/cold iron|PREPCLEVEL:MIN=8,MAX=11		DR:15/cold iron|PREPCLEVEL:MIN=12			BONUS:ABILITYPOOL|Unseelie Fey Wings|1		BONUS:ABILITYPOOL|Unseelie Fey Seasonal Power|1			BONUS:ABILITYPOOL|Unseelie Fey Vision|1		ABILITY:Special Ability|AUTOMATIC|Iron Vulnerability	RACETYPE:Fey

#Lycanthrope.MOD			TEMPLATE:CHOOSE:Weredog


Yuan-Ti (Tainted One).MOD		BONUS:STAT|CON|2	SAB:Poison bite.  Requires a successful melee attack during a grapple.  Fortitude (DC 10+CON modifier) negates.  Initial and secondary damage, 1d4 CON. Can be delivered as a kiss to unresisting foes.  		SAB:Immunity to Poisons			SR:12+(TL/2)		SPELLS:Innate|TIMES=1|TIMEUNIT=Day|CASTERLEVEL=TL|Poison,13+CON		SPELLS:INNATE|TIMES=3|TIMEUNIT=DAY|CASTERLEVEL=TL|Polymorph (Viper Form Only)		ABILITY:FEAT|VIRTUAL|Alertness	LANGBONUS:Abyssal,Common,Draconic,Yuan-Ti	LEVELADJUSTMENT:2

Magic Blooded (Spark)					BONUS:STAT|CHA|2	BONUS:STAT|WIS|-2		BONUS:SKILL|Spellcraft,Knowledge (Arcana)|2|TYPE=Racial		SAB:You may roll Spellcraft and Knowledge (Arcana) untrained.	SPELLS:Innate|TIMES=1|CASTERLEVEL=TL|Detect Magic|Magic Aura|Read Magic	FAVOREDCLASS:Sorcerer	TYPE:LA0Playable

Aquatic (Water Dweller)	TYPE:LA0PLayable	MOVECLONE:Walk,Swim,*2		BONUS:MOVEMULT|TYPE.Walk|/2	VISION:Low-Light Vision		SAB:You can breathe water but not air. 			BONUS:SKILL|Spot|2|TYPE=Racial		BONUS:SKILL|Listen|-2|TYPE=Racial		BONUS:SKILL|Swim|8|TYPE=Racial		SAB:-1 circumstance penalty on attacks, saves and checks when not at least partially submerged in water. 		AUTO:LANG|Aquan	
Arctic (Ice Dweller)	TYPE:LA0PLayable	BONUS:STAT|CON|2		BONUS:STAT|CHA|-2		SAB:+1 to saves vs cold, -1 to saves vs fire		BONUS:SKILL|Survival|2		SPELLS:INNATE|TIMES=1|CASTERLEVEL=1|Ray of Frost
DarkCollar			VISIBLE:NO		LEVELADJUSTMENT:-1